127.0.0.1 - - [29/Aug/2024:10:28:33 +0900] "GET / HTTP/1.1" 200 11428
0:0:0:0:0:0:0:1 - - [29/Aug/2024:10:28:34 +0900] "GET /web08_CafeMember_DB/WEB-INF/classes/web/servlet/model/MemberDAOImpl.java HTTP/1.1" 404 721
127.0.0.1 - - [29/Aug/2024:10:47:59 +0900] "GET / HTTP/1.1" 200 11428
0:0:0:0:0:0:0:1 - - [29/Aug/2024:10:47:59 +0900] "GET /web08_CafeMember_DB/WEB-INF/classes/web/servlet/model/MemberDAOImpl.java HTTP/1.1" 404 721
127.0.0.1 - - [29/Aug/2024:11:34:01 +0900] "GET / HTTP/1.1" 200 11428
0:0:0:0:0:0:0:1 - - [29/Aug/2024:11:34:02 +0900] "GET /web08_CafeMember_DB/Index.html HTTP/1.1" 200 886
0:0:0:0:0:0:0:1 - - [29/Aug/2024:11:34:05 +0900] "GET /web08_CafeMember_DB/find.jsp HTTP/1.1" 200 378
0:0:0:0:0:0:0:1 - - [29/Aug/2024:11:34:05 +0900] "GET /web08_CafeMember_DB/find.jsp HTTP/1.1" 200 378
0:0:0:0:0:0:0:1 - - [29/Aug/2024:11:34:09 +0900] "POST /web08_CafeMember_DB/Find HTTP/1.1" 200 237
0:0:0:0:0:0:0:1 - - [29/Aug/2024:11:34:36 +0900] "POST /web08_CafeMember_DB/Find HTTP/1.1" 200 241
0:0:0:0:0:0:0:1 - - [29/Aug/2024:11:34:36 +0900] "GET /favicon.ico HTTP/1.1" 304 -
0:0:0:0:0:0:0:1 - - [29/Aug/2024:11:34:52 +0900] "POST /web08_CafeMember_DB/Find HTTP/1.1" 200 239
127.0.0.1 - - [29/Aug/2024:12:11:04 +0900] "GET / HTTP/1.1" 200 11428
0:0:0:0:0:0:0:1 - - [29/Aug/2024:12:11:04 +0900] "GET /web08_CafeMember_DB/Index.html HTTP/1.1" 304 -
0:0:0:0:0:0:0:1 - - [29/Aug/2024:12:11:10 +0900] "GET /web08_CafeMember_DB/resister.jsp HTTP/1.1" 404 804
0:0:0:0:0:0:0:1 - - [29/Aug/2024:12:11:40 +0900] "GET /web08_CafeMember_DB/resister.jsp HTTP/1.1" 404 804
0:0:0:0:0:0:0:1 - - [29/Aug/2024:12:11:56 +0900] "GET /web08_CafeMember_DB/resister.jsp HTTP/1.1" 404 804
127.0.0.1 - - [29/Aug/2024:12:12:24 +0900] "GET / HTTP/1.1" 200 11428
0:0:0:0:0:0:0:1 - - [29/Aug/2024:12:12:26 +0900] "GET /web08_CafeMember_DB/resister.jsp HTTP/1.1" 404 804
0:0:0:0:0:0:0:1 - - [29/Aug/2024:12:13:12 +0900] "GET /web08_CafeMember_DB/resister.jsp HTTP/1.1" 404 804
0:0:0:0:0:0:0:1 - - [29/Aug/2024:12:13:15 +0900] "GET /web08_CafeMember_DB/find.jsp HTTP/1.1" 200 378
0:0:0:0:0:0:0:1 - - [29/Aug/2024:12:13:51 +0900] "GET /web08_CafeMember_DB/register.jsp HTTP/1.1" 200 442
0:0:0:0:0:0:0:1 - - [29/Aug/2024:12:14:03 +0900] "GET /web08_CafeMember_DB/register.jsp HTTP/1.1" 200 458
0:0:0:0:0:0:0:1 - - [29/Aug/2024:12:14:14 +0900] "POST /web08_CafeMember_DB/Register HTTP/1.1" 500 1430
127.0.0.1 - - [29/Aug/2024:12:16:02 +0900] "GET / HTTP/1.1" 200 11428
0:0:0:0:0:0:0:1 - - [29/Aug/2024:12:16:03 +0900] "GET /web08_CafeMember_DB/resister.jsp HTTP/1.1" 404 804
0:0:0:0:0:0:0:1 - - [29/Aug/2024:12:19:08 +0900] "GET /web08_CafeMember_DB/resister.jsp HTTP/1.1" 404 804
0:0:0:0:0:0:0:1 - - [29/Aug/2024:12:19:08 +0900] "GET /web08_CafeMember_DB/resister.jsp HTTP/1.1" 404 804
127.0.0.1 - - [29/Aug/2024:12:19:08 +0900] "GET / HTTP/1.1" 200 11428
0:0:0:0:0:0:0:1 - - [29/Aug/2024:12:19:09 +0900] "GET /web08_CafeMember_DB/Index.html HTTP/1.1" 200 886
0:0:0:0:0:0:0:1 - - [29/Aug/2024:12:19:39 +0900] "GET /web08_CafeMember_DB/register.jsp HTTP/1.1" 200 458
0:0:0:0:0:0:0:1 - - [29/Aug/2024:12:19:53 +0900] "POST /web08_CafeMember_DB/Register HTTP/1.1" 404 812
0:0:0:0:0:0:0:1 - - [29/Aug/2024:12:20:07 +0900] "POST /web08_CafeMember_DB/Register HTTP/1.1" 200 -
0:0:0:0:0:0:0:1 - - [29/Aug/2024:12:20:20 +0900] "POST /web08_CafeMember_DB/Register HTTP/1.1" 200 -
127.0.0.1 - - [29/Aug/2024:12:30:48 +0900] "GET / HTTP/1.1" 200 11428
0:0:0:0:0:0:0:1 - - [29/Aug/2024:12:30:49 +0900] "GET /web08_CafeMember_DB/Index.html HTTP/1.1" 304 -
0:0:0:0:0:0:0:1 - - [29/Aug/2024:12:31:27 +0900] "GET /web08_CafeMember_DB/register.jsp HTTP/1.1" 200 462
0:0:0:0:0:0:0:1 - - [29/Aug/2024:12:31:27 +0900] "GET /web08_CafeMember_DB/register.jsp HTTP/1.1" 200 462
0:0:0:0:0:0:0:1 - - [29/Aug/2024:12:32:19 +0900] "GET /web08_CafeMember_DB/Index.html HTTP/1.1" 304 -
0:0:0:0:0:0:0:1 - - [29/Aug/2024:12:32:20 +0900] "GET /web08_CafeMember_DB/register.jsp HTTP/1.1" 200 462
0:0:0:0:0:0:0:1 - - [29/Aug/2024:12:32:28 +0900] "POST /web08_CafeMember_DB/Register HTTP/1.1" 404 812
0:0:0:0:0:0:0:1 - - [29/Aug/2024:12:32:57 +0900] "GET /web08_CafeMember_DB/Index.html HTTP/1.1" 200 886
0:0:0:0:0:0:0:1 - - [29/Aug/2024:12:32:57 +0900] "GET /favicon.ico HTTP/1.1" 304 -
0:0:0:0:0:0:0:1 - - [29/Aug/2024:12:32:58 +0900] "GET /web08_CafeMember_DB/register.jsp HTTP/1.1" 200 462
0:0:0:0:0:0:0:1 - - [29/Aug/2024:12:33:01 +0900] "POST /web08_CafeMember_DB/Register HTTP/1.1" 404 812
0:0:0:0:0:0:0:1 - - [29/Aug/2024:12:36:33 +0900] "POST /web08_CafeMember_DB/Register HTTP/1.1" 404 841
0:0:0:0:0:0:0:1 - - [29/Aug/2024:12:36:35 +0900] "POST /web08_CafeMember_DB/Register HTTP/1.1" 404 841
127.0.0.1 - - [29/Aug/2024:12:41:04 +0900] "GET / HTTP/1.1" 200 11428
0:0:0:0:0:0:0:1 - - [29/Aug/2024:12:41:05 +0900] "GET /web08_CafeMember_DB/Index.html HTTP/1.1" 304 -
0:0:0:0:0:0:0:1 - - [29/Aug/2024:12:41:13 +0900] "GET /web08_CafeMember_DB/register.jsp HTTP/1.1" 200 462
0:0:0:0:0:0:0:1 - - [29/Aug/2024:12:41:16 +0900] "POST /web08_CafeMember_DB/Register HTTP/1.1" 404 812
0:0:0:0:0:0:0:1 - - [29/Aug/2024:12:41:21 +0900] "GET /web08_CafeMember_DB/AllMember HTTP/1.1" 500 1504
127.0.0.1 - - [29/Aug/2024:12:42:37 +0900] "GET / HTTP/1.1" 200 11428
0:0:0:0:0:0:0:1 - - [29/Aug/2024:12:42:38 +0900] "GET /web08_CafeMember_DB/AllMember HTTP/1.1" 500 1504
0:0:0:0:0:0:0:1 - - [29/Aug/2024:12:42:47 +0900] "GET /web08_CafeMember_DB/Index.html HTTP/1.1" 304 -
0:0:0:0:0:0:0:1 - - [29/Aug/2024:12:42:48 +0900] "GET /web08_CafeMember_DB/register.jsp HTTP/1.1" 200 462
0:0:0:0:0:0:0:1 - - [29/Aug/2024:12:42:52 +0900] "POST /web08_CafeMember_DB/Register HTTP/1.1" 404 812
0:0:0:0:0:0:0:1 - - [29/Aug/2024:12:43:00 +0900] "POST /web08_CafeMember_DB/Register HTTP/1.1" 404 841
0:0:0:0:0:0:0:1 - - [29/Aug/2024:12:43:27 +0900] "GET /web08_CafeMember_DB/register.jsp HTTP/1.1" 200 462
0:0:0:0:0:0:0:1 - - [29/Aug/2024:12:43:30 +0900] "POST /web08_CafeMember_DB/Register HTTP/1.1" 404 841
127.0.0.1 - - [29/Aug/2024:12:45:57 +0900] "GET / HTTP/1.1" 200 11428
0:0:0:0:0:0:0:1 - - [29/Aug/2024:12:45:58 +0900] "GET /web08_CafeMember_DB/Index.html HTTP/1.1" 304 -
0:0:0:0:0:0:0:1 - - [29/Aug/2024:12:45:59 +0900] "GET /web08_CafeMember_DB/register.jsp HTTP/1.1" 200 462
0:0:0:0:0:0:0:1 - - [29/Aug/2024:12:46:02 +0900] "POST /web08_CafeMember_DB/Register HTTP/1.1" 404 841
0:0:0:0:0:0:0:1 - - [29/Aug/2024:12:47:15 +0900] "POST /web08_CafeMember_DB/Register HTTP/1.1" 404 841
127.0.0.1 - - [29/Aug/2024:12:47:41 +0900] "GET / HTTP/1.1" 200 11428
0:0:0:0:0:0:0:1 - - [29/Aug/2024:12:47:41 +0900] "GET /web08_CafeMember_DB/Register HTTP/1.1" 500 1409
0:0:0:0:0:0:0:1 - - [29/Aug/2024:12:47:50 +0900] "GET /web08_CafeMember_DB/register.jsp HTTP/1.1" 200 462
0:0:0:0:0:0:0:1 - - [29/Aug/2024:12:47:52 +0900] "POST /web08_CafeMember_DB/Register HTTP/1.1" 404 841
0:0:0:0:0:0:0:1 - - [29/Aug/2024:12:48:03 +0900] "POST /web08_CafeMember_DB/Register HTTP/1.1" 200 163
0:0:0:0:0:0:0:1 - - [29/Aug/2024:12:48:16 +0900] "GET /web08_CafeMember_DB/AllMember HTTP/1.1" 500 1504
127.0.0.1 - - [29/Aug/2024:12:51:29 +0900] "GET / HTTP/1.1" 200 11428
0:0:0:0:0:0:0:1 - - [29/Aug/2024:12:51:30 +0900] "GET /web08_CafeMember_DB/AllMember HTTP/1.1" 500 1504
0:0:0:0:0:0:0:1 - - [29/Aug/2024:12:51:36 +0900] "GET /web08_CafeMember_DB/Index.html HTTP/1.1" 304 -
0:0:0:0:0:0:0:1 - - [29/Aug/2024:12:51:37 +0900] "GET /web08_CafeMember_DB/AllMember HTTP/1.1" 500 1504
0:0:0:0:0:0:0:1 - - [29/Aug/2024:14:06:12 +0900] "GET /web08_CafeMember_DB/Index.html HTTP/1.1" 200 886
0:0:0:0:0:0:0:1 - - [29/Aug/2024:14:06:14 +0900] "GET /web08_CafeMember_DB/AllMember HTTP/1.1" 500 1504
0:0:0:0:0:0:0:1 - - [29/Aug/2024:14:08:50 +0900] "GET /web08_CafeMember_DB/AllMember HTTP/1.1" 500 1504
127.0.0.1 - - [29/Aug/2024:14:15:54 +0900] "GET / HTTP/1.1" 200 11428
0:0:0:0:0:0:0:1 - - [29/Aug/2024:14:15:55 +0900] "GET /web08_CafeMember_DB/AllMember HTTP/1.1" 500 1505
0:0:0:0:0:0:0:1 - - [29/Aug/2024:14:15:59 +0900] "GET /web08_CafeMember_DB/AllMember HTTP/1.1" 500 1505
0:0:0:0:0:0:0:1 - - [29/Aug/2024:14:16:01 +0900] "GET /web08_CafeMember_DB/find.jsp HTTP/1.1" 200 378
0:0:0:0:0:0:0:1 - - [29/Aug/2024:14:16:02 +0900] "GET /web08_CafeMember_DB/register.jsp HTTP/1.1" 200 462
127.0.0.1 - - [29/Aug/2024:14:19:21 +0900] "GET / HTTP/1.1" 200 11428
0:0:0:0:0:0:0:1 - - [29/Aug/2024:14:19:27 +0900] "GET /web08_CafeMember_DB/AllMember HTTP/1.1" 500 1505
127.0.0.1 - - [29/Aug/2024:14:24:12 +0900] "GET / HTTP/1.1" 200 11428
0:0:0:0:0:0:0:1 - - [29/Aug/2024:14:24:13 +0900] "GET /web08_CafeMember_DB/Index.html HTTP/1.1" 304 -
0:0:0:0:0:0:0:1 - - [29/Aug/2024:14:24:17 +0900] "GET /web08_CafeMember_DB/AllMember HTTP/1.1" 500 3291
127.0.0.1 - - [29/Aug/2024:14:27:13 +0900] "GET / HTTP/1.1" 200 11428
0:0:0:0:0:0:0:1 - - [29/Aug/2024:14:27:16 +0900] "GET /web08_CafeMember_DB/AllMember HTTP/1.1" 200 755
0:0:0:0:0:0:0:1 - - [29/Aug/2024:14:27:32 +0900] "GET /web08_CafeMember_DB/AllMember HTTP/1.1" 200 754
127.0.0.1 - - [29/Aug/2024:14:51:57 +0900] "GET / HTTP/1.1" 200 11428
0:0:0:0:0:0:0:1 - - [29/Aug/2024:14:51:57 +0900] "GET /web08_CafeMember_DB/Register HTTP/1.1" 500 1409
127.0.0.1 - - [29/Aug/2024:15:28:42 +0900] "GET / HTTP/1.1" 200 11428
0:0:0:0:0:0:0:1 - - [29/Aug/2024:15:28:43 +0900] "GET /workshop05/index.html HTTP/1.1" 200 428
0:0:0:0:0:0:0:1 - - [29/Aug/2024:15:29:00 +0900] "GET /workshop05/MainServlet?name=AAA&price=450000&desc=A%2B%2B HTTP/1.1" 500 3160
127.0.0.1 - - [29/Aug/2024:15:31:11 +0900] "GET / HTTP/1.1" 200 11428
0:0:0:0:0:0:0:1 - - [29/Aug/2024:15:31:25 +0900] "GET /workshop05/MainServlet?name=AAA&price=450000&desc=A%2B%2B HTTP/1.1" 500 3150
127.0.0.1 - - [29/Aug/2024:15:32:42 +0900] "GET / HTTP/1.1" 200 11428
0:0:0:0:0:0:0:1 - - [29/Aug/2024:15:32:51 +0900] "GET /workshop05/MainServlet?name=AAA&price=450000&desc=A%2B%2B HTTP/1.1" 500 3162
0:0:0:0:0:0:0:1 - - [29/Aug/2024:15:33:54 +0900] "GET /workshop05/MainServlet?name=AAA&price=450000&desc=A%2B%2B HTTP/1.1" 500 3162
127.0.0.1 - - [29/Aug/2024:15:35:32 +0900] "GET / HTTP/1.1" 200 11428
0:0:0:0:0:0:0:1 - - [29/Aug/2024:15:36:04 +0900] "GET /workshop05/MainServlet?name=AAA&price=450000&desc=A%2B%2B HTTP/1.1" 500 3152
0:0:0:0:0:0:0:1 - - [29/Aug/2024:15:42:57 +0900] "GET /workshop05/index.html HTTP/1.1" 304 -
0:0:0:0:0:0:0:1 - - [29/Aug/2024:15:43:04 +0900] "GET /workshop05/MainServlet?name=AAA&price=450000&desc=A%2B%2B HTTP/1.1" 500 3162
127.0.0.1 - - [29/Aug/2024:15:45:39 +0900] "GET / HTTP/1.1" 200 11428
0:0:0:0:0:0:0:1 - - [29/Aug/2024:15:46:11 +0900] "GET /workshop05/MainServlet?name=AAA&price=450000&desc=A%2B%2B HTTP/1.1" 500 3162
127.0.0.1 - - [29/Aug/2024:15:48:34 +0900] "GET / HTTP/1.1" 200 11428
0:0:0:0:0:0:0:1 - - [29/Aug/2024:15:48:40 +0900] "GET /workshop05/MainServlet?name=AAA&price=450000&desc=A%2B%2B HTTP/1.1" 500 3152
127.0.0.1 - - [29/Aug/2024:16:01:14 +0900] "GET / HTTP/1.1" 200 11428
0:0:0:0:0:0:0:1 - - [29/Aug/2024:16:01:21 +0900] "GET /workshop05/MainServlet?name=AAA&price=450000&desc=A%2B%2B HTTP/1.1" 302 -
0:0:0:0:0:0:0:1 - - [29/Aug/2024:16:01:22 +0900] "GET /workshop05/List HTTP/1.1" 200 1173
0:0:0:0:0:0:0:1 - - [29/Aug/2024:16:02:00 +0900] "GET /workshop05/MainServlet?name=BBB&price=670000&desc=B%2B%2B HTTP/1.1" 302 -
0:0:0:0:0:0:0:1 - - [29/Aug/2024:16:02:00 +0900] "GET /workshop05/List HTTP/1.1" 200 1290
127.0.0.1 - - [29/Aug/2024:16:06:53 +0900] "GET / HTTP/1.1" 200 11428
127.0.0.1 - - [29/Aug/2024:16:10:39 +0900] "GET / HTTP/1.1" 200 11428
127.0.0.1 - - [29/Aug/2024:16:11:45 +0900] "GET / HTTP/1.1" 200 11428
127.0.0.1 - - [29/Aug/2024:16:13:11 +0900] "GET / HTTP/1.1" 200 11428
127.0.0.1 - - [29/Aug/2024:16:14:08 +0900] "GET / HTTP/1.1" 200 11428
127.0.0.1 - - [29/Aug/2024:17:12:49 +0900] "GET / HTTP/1.1" 200 11428
0:0:0:0:0:0:0:1 - - [29/Aug/2024:17:12:49 +0900] "GET /web09_Cookie/cookie.html HTTP/1.1" 200 317
0:0:0:0:0:0:0:1 - - [29/Aug/2024:17:12:51 +0900] "GET /web09_Cookie/CookieServlet HTTP/1.1" 404 837
0:0:0:0:0:0:0:1 - - [29/Aug/2024:17:16:30 +0900] "GET /web09_Cookie/cookie.html HTTP/1.1" 304 -
0:0:0:0:0:0:0:1 - - [29/Aug/2024:17:16:33 +0900] "GET /web09_Cookie/CookieServlet HTTP/1.1" 404 837
127.0.0.1 - - [29/Aug/2024:17:17:13 +0900] "GET / HTTP/1.1" 200 11428
0:0:0:0:0:0:0:1 - - [29/Aug/2024:17:17:15 +0900] "GET /web09_Cookie/CookieServlet HTTP/1.1" 404 837
