127.0.0.1 - - [26/Aug/2024:11:28:11 +0900] "GET / HTTP/1.1" 200 11428
0:0:0:0:0:0:0:1 - - [26/Aug/2024:11:28:12 +0900] "GET /web01_GenericServlet/servlet/web.generic.sevlet.MyGenericServlet HTTP/1.1" 404 879
0:0:0:0:0:0:0:1 - - [26/Aug/2024:11:28:19 +0900] "GET /web01_GenericServlet/web.generic.sevlet.MyGenericServlet HTTP/1.1" 404 867
127.0.0.1 - - [26/Aug/2024:11:30:21 +0900] "GET / HTTP/1.1" 200 11428
0:0:0:0:0:0:0:1 - - [26/Aug/2024:11:30:21 +0900] "GET /web01_GenericServlet/servlet/web.generic.sevlet.MyGenericServlet HTTP/1.1" 404 879
0:0:0:0:0:0:0:1 - - [26/Aug/2024:11:30:28 +0900] "GET /web01_GenericServlet/web.generic.sevlet.MyGenericServlet HTTP/1.1" 404 867
127.0.0.1 - - [26/Aug/2024:11:31:38 +0900] "GET / HTTP/1.1" 200 11428
0:0:0:0:0:0:0:1 - - [26/Aug/2024:11:31:39 +0900] "GET /web01_GenericServlet/servlet/web.generic.sevlet.MyGenericServlet HTTP/1.1" 404 879
0:0:0:0:0:0:0:1 - - [26/Aug/2024:11:33:03 +0900] "GET /web01_GenericServlet/web.generic.sevlet.MyGenericServlet HTTP/1.1" 404 867
127.0.0.1 - - [26/Aug/2024:11:55:54 +0900] "GET / HTTP/1.1" 200 11428
0:0:0:0:0:0:0:1 - - [26/Aug/2024:11:55:54 +0900] "GET /web01_GenericServlet/WEB-INF/web.xml HTTP/1.1" 404 721
0:0:0:0:0:0:0:1 - - [26/Aug/2024:11:56:06 +0900] "GET /web01_GenericServlet/MGS HTTP/1.1" 500 3603
127.0.0.1 - - [26/Aug/2024:11:57:39 +0900] "GET / HTTP/1.1" 200 11428
0:0:0:0:0:0:0:1 - - [26/Aug/2024:11:57:39 +0900] "GET /web01_GenericServlet/WEB-INF/web.xml HTTP/1.1" 404 721
0:0:0:0:0:0:0:1 - - [26/Aug/2024:11:57:51 +0900] "GET /web01_GenericServlet/MGS HTTP/1.1" 500 3603
127.0.0.1 - - [26/Aug/2024:12:00:55 +0900] "GET / HTTP/1.1" 200 11428
0:0:0:0:0:0:0:1 - - [26/Aug/2024:12:00:55 +0900] "GET /web01_GenericServletTest/WEB-INF/web.xml HTTP/1.1" 404 721
127.0.0.1 - - [26/Aug/2024:12:01:36 +0900] "GET / HTTP/1.1" 200 11428
0:0:0:0:0:0:0:1 - - [26/Aug/2024:12:01:37 +0900] "GET /web01_GenericServletTest/WEB-INF/web.xml HTTP/1.1" 404 721
0:0:0:0:0:0:0:1 - - [26/Aug/2024:12:01:46 +0900] "GET /web01_GenericServletTest/MGS HTTP/1.1" 500 3603
127.0.0.1 - - [26/Aug/2024:12:09:21 +0900] "GET / HTTP/1.1" 200 11428
0:0:0:0:0:0:0:1 - - [26/Aug/2024:12:09:21 +0900] "GET /web01_Generic/MS HTTP/1.1" 200 66
0:0:0:0:0:0:0:1 - - [26/Aug/2024:12:10:33 +0900] "GET /web01_Generic/WEB-INF/web.xml HTTP/1.1" 404 721
0:0:0:0:0:0:0:1 - - [26/Aug/2024:12:10:44 +0900] "GET /web01_Generic/MS HTTP/1.1" 200 66
127.0.0.1 - - [26/Aug/2024:12:12:07 +0900] "GET / HTTP/1.1" 200 11428
0:0:0:0:0:0:0:1 - - [26/Aug/2024:12:12:07 +0900] "GET /web01_Generic/MGS HTTP/1.1" 200 66
127.0.0.1 - - [26/Aug/2024:12:21:26 +0900] "GET / HTTP/1.1" 200 11428
0:0:0:0:0:0:0:1 - - [26/Aug/2024:12:21:27 +0900] "GET /web01_GenericServlet2/servlet/web.generic.servlet.MyGenericServlet HTTP/1.1" 404 881
0:0:0:0:0:0:0:1 - - [26/Aug/2024:12:22:41 +0900] "GET /web01_GenericServlet2/servlet/web.generic.servlet.MyGenericServlet HTTP/1.1" 404 881
127.0.0.1 - - [26/Aug/2024:12:23:54 +0900] "GET / HTTP/1.1" 200 11428
0:0:0:0:0:0:0:1 - - [26/Aug/2024:12:23:54 +0900] "GET /web01_GenericServlet2/servlet/web.generic.servlet.MyGenericServlet HTTP/1.1" 404 881
127.0.0.1 - - [26/Aug/2024:12:24:39 +0900] "GET / HTTP/1.1" 200 11428
0:0:0:0:0:0:0:1 - - [26/Aug/2024:12:24:39 +0900] "GET /web01_GenericServlet2/MyGenericServlet HTTP/1.1" 404 849
0:0:0:0:0:0:0:1 - - [26/Aug/2024:12:25:08 +0900] "GET /web01_GenericServlet2/MyGenericServlet HTTP/1.1" 404 849
127.0.0.1 - - [26/Aug/2024:12:25:29 +0900] "GET / HTTP/1.1" 200 11428
0:0:0:0:0:0:0:1 - - [26/Aug/2024:12:25:30 +0900] "GET /web01_GenericServlet2/MyGenericServlet HTTP/1.1" 404 849
0:0:0:0:0:0:0:1 - - [26/Aug/2024:12:26:10 +0900] "GET /web01_GenericServlet2/MyGenericServlet HTTP/1.1" 404 849
127.0.0.1 - - [26/Aug/2024:12:27:03 +0900] "GET / HTTP/1.1" 200 11428
0:0:0:0:0:0:0:1 - - [26/Aug/2024:12:27:03 +0900] "GET /web01_GenericServlet2/WEB-INF/web.xml HTTP/1.1" 404 852
127.0.0.1 - - [26/Aug/2024:12:28:56 +0900] "GET / HTTP/1.1" 200 11428
0:0:0:0:0:0:0:1 - - [26/Aug/2024:12:28:57 +0900] "GET /web01_GenericServlet2/SS HTTP/1.1" 500 3558
0:0:0:0:0:0:0:1 - - [26/Aug/2024:12:29:19 +0900] "GET /web01_GenericServlet2/SS HTTP/1.1" 404 721
0:0:0:0:0:0:0:1 - - [26/Aug/2024:12:29:19 +0900] "GET /favicon.ico HTTP/1.1" 304 -
127.0.0.1 - - [26/Aug/2024:12:29:30 +0900] "GET / HTTP/1.1" 200 11428
0:0:0:0:0:0:0:1 - - [26/Aug/2024:12:29:31 +0900] "GET /web01_GenericServlet2/SS HTTP/1.1" 200 66
127.0.0.1 - - [26/Aug/2024:12:29:47 +0900] "GET / HTTP/1.1" 200 11428
0:0:0:0:0:0:0:1 - - [26/Aug/2024:12:29:47 +0900] "GET /web01_GenericServlet2/SS HTTP/1.1" 500 3558
127.0.0.1 - - [26/Aug/2024:12:33:14 +0900] "GET / HTTP/1.1" 200 11428
0:0:0:0:0:0:0:1 - - [26/Aug/2024:12:33:14 +0900] "GET /web01_GenericServlet2/SS HTTP/1.1" 200 66
127.0.0.1 - - [26/Aug/2024:15:23:14 +0900] "GET / HTTP/1.1" 200 11428
0:0:0:0:0:0:0:1 - - [26/Aug/2024:15:23:14 +0900] "GET /web02_FormServlet/FS HTTP/1.1" 200 90
0:0:0:0:0:0:0:1 - - [26/Aug/2024:15:23:24 +0900] "GET /web02_FormServlet/form.html HTTP/1.1" 200 328
0:0:0:0:0:0:0:1 - - [26/Aug/2024:15:23:50 +0900] "GET /web02_FormServlet/FS?userId=KOSTA&userPass=1234 HTTP/1.1" 200 91
127.0.0.1 - - [26/Aug/2024:15:53:19 +0900] "GET / HTTP/1.1" 200 11428
0:0:0:0:0:0:0:1 - - [26/Aug/2024:15:53:20 +0900] "GET /web02_FormServlet/form.html HTTP/1.1" 200 453
0:0:0:0:0:0:0:1 - - [26/Aug/2024:15:53:32 +0900] "POST /web02_FormServlet/FS HTTP/1.1" 200 91
127.0.0.1 - - [26/Aug/2024:15:53:52 +0900] "GET / HTTP/1.1" 200 11428
0:0:0:0:0:0:0:1 - - [26/Aug/2024:15:53:52 +0900] "GET /web02_FormServlet/FS HTTP/1.1" 200 90
0:0:0:0:0:0:0:1 - - [26/Aug/2024:15:53:58 +0900] "GET /web02_FormServlet/form.html HTTP/1.1" 200 452
0:0:0:0:0:0:0:1 - - [26/Aug/2024:15:54:08 +0900] "GET /web02_FormServlet/FS?userId=KOSTA&userPass=9999 HTTP/1.1" 200 91
